Change Dir: '/home/mpv/units/hpc_2022_final_assignment/exercise1/cmake-build-gol'

Run Build Command(s): /usr/bin/cmake -E env VERBOSE=1 /usr/bin/gmake -f Makefile -j
/usr/bin/cmake -S/home/mpv/units/hpc_2022_final_assignment/exercise1 -B/home/mpv/units/hpc_2022_final_assignment/exercise1/cmake-build-gol --check-build-system CMakeFiles/Makefile.cmake 0
/usr/bin/cmake -E cmake_progress_start /home/mpv/units/hpc_2022_final_assignment/exercise1/cmake-build-gol/CMakeFiles /home/mpv/units/hpc_2022_final_assignment/exercise1/cmake-build-gol//CMakeFiles/progress.marks
/usr/bin/gmake  -f CMakeFiles/Makefile2 all
gmake[1]: Entering directory '/home/mpv/units/hpc_2022_final_assignment/exercise1/cmake-build-gol'
/usr/bin/gmake  -f CMakeFiles/gol_serial.dir/build.make CMakeFiles/gol_serial.dir/depend
/usr/bin/gmake  -f CMakeFiles/gol_parallel.dir/build.make CMakeFiles/gol_parallel.dir/depend
/usr/bin/gmake  -f CMakeFiles/test_pgm.dir/build.make CMakeFiles/test_pgm.dir/depend
/usr/bin/gmake  -f CMakeFiles/test_grid.dir/build.make CMakeFiles/test_grid.dir/depend
gmake[2]: Entering directory '/home/mpv/units/hpc_2022_final_assignment/exercise1/cmake-build-gol'
cd /home/mpv/units/hpc_2022_final_assignment/exercise1/cmake-build-gol && /usr/bin/cmake -E cmake_depends "Unix Makefiles" /home/mpv/units/hpc_2022_final_assignment/exercise1 /home/mpv/units/hpc_2022_final_assignment/exercise1 /home/mpv/units/hpc_2022_final_assignment/exercise1/cmake-build-gol /home/mpv/units/hpc_2022_final_assignment/exercise1/cmake-build-gol /home/mpv/units/hpc_2022_final_assignment/exercise1/cmake-build-gol/CMakeFiles/gol_serial.dir/DependInfo.cmake "--color=" gol_serial
/usr/bin/gmake  -f CMakeFiles/test_evolution_common.dir/build.make CMakeFiles/test_evolution_common.dir/depend
gmake[2]: Entering directory '/home/mpv/units/hpc_2022_final_assignment/exercise1/cmake-build-gol'
cd /home/mpv/units/hpc_2022_final_assignment/exercise1/cmake-build-gol && /usr/bin/cmake -E cmake_depends "Unix Makefiles" /home/mpv/units/hpc_2022_final_assignment/exercise1 /home/mpv/units/hpc_2022_final_assignment/exercise1 /home/mpv/units/hpc_2022_final_assignment/exercise1/cmake-build-gol /home/mpv/units/hpc_2022_final_assignment/exercise1/cmake-build-gol /home/mpv/units/hpc_2022_final_assignment/exercise1/cmake-build-gol/CMakeFiles/gol_parallel.dir/DependInfo.cmake "--color=" gol_parallel
gmake[2]: Entering directory '/home/mpv/units/hpc_2022_final_assignment/exercise1/cmake-build-gol'
cd /home/mpv/units/hpc_2022_final_assignment/exercise1/cmake-build-gol && /usr/bin/cmake -E cmake_depends "Unix Makefiles" /home/mpv/units/hpc_2022_final_assignment/exercise1 /home/mpv/units/hpc_2022_final_assignment/exercise1 /home/mpv/units/hpc_2022_final_assignment/exercise1/cmake-build-gol /home/mpv/units/hpc_2022_final_assignment/exercise1/cmake-build-gol /home/mpv/units/hpc_2022_final_assignment/exercise1/cmake-build-gol/CMakeFiles/test_pgm.dir/DependInfo.cmake "--color=" test_pgm
gmake[2]: Entering directory '/home/mpv/units/hpc_2022_final_assignment/exercise1/cmake-build-gol'
cd /home/mpv/units/hpc_2022_final_assignment/exercise1/cmake-build-gol && /usr/bin/cmake -E cmake_depends "Unix Makefiles" /home/mpv/units/hpc_2022_final_assignment/exercise1 /home/mpv/units/hpc_2022_final_assignment/exercise1 /home/mpv/units/hpc_2022_final_assignment/exercise1/cmake-build-gol /home/mpv/units/hpc_2022_final_assignment/exercise1/cmake-build-gol /home/mpv/units/hpc_2022_final_assignment/exercise1/cmake-build-gol/CMakeFiles/test_grid.dir/DependInfo.cmake "--color=" test_grid
gmake[2]: Entering directory '/home/mpv/units/hpc_2022_final_assignment/exercise1/cmake-build-gol'
cd /home/mpv/units/hpc_2022_final_assignment/exercise1/cmake-build-gol && /usr/bin/cmake -E cmake_depends "Unix Makefiles" /home/mpv/units/hpc_2022_final_assignment/exercise1 /home/mpv/units/hpc_2022_final_assignment/exercise1 /home/mpv/units/hpc_2022_final_assignment/exercise1/cmake-build-gol /home/mpv/units/hpc_2022_final_assignment/exercise1/cmake-build-gol /home/mpv/units/hpc_2022_final_assignment/exercise1/cmake-build-gol/CMakeFiles/test_evolution_common.dir/DependInfo.cmake "--color=" test_evolution_common
gmake[2]: Leaving directory '/home/mpv/units/hpc_2022_final_assignment/exercise1/cmake-build-gol'
/usr/bin/gmake  -f CMakeFiles/test_grid.dir/build.make CMakeFiles/test_grid.dir/build
gmake[2]: Entering directory '/home/mpv/units/hpc_2022_final_assignment/exercise1/cmake-build-gol'
gmake[2]: Leaving directory '/home/mpv/units/hpc_2022_final_assignment/exercise1/cmake-build-gol'
gmake[2]: Leaving directory '/home/mpv/units/hpc_2022_final_assignment/exercise1/cmake-build-gol'
gmake[2]: Leaving directory '/home/mpv/units/hpc_2022_final_assignment/exercise1/cmake-build-gol'
/usr/bin/gmake  -f CMakeFiles/gol_serial.dir/build.make CMakeFiles/gol_serial.dir/build
gmake[2]: Leaving directory '/home/mpv/units/hpc_2022_final_assignment/exercise1/cmake-build-gol'
/usr/bin/gmake  -f CMakeFiles/gol_parallel.dir/build.make CMakeFiles/gol_parallel.dir/build
/usr/bin/gmake  -f CMakeFiles/test_pgm.dir/build.make CMakeFiles/test_pgm.dir/build
/usr/bin/gmake  -f CMakeFiles/test_evolution_common.dir/build.make CMakeFiles/test_evolution_common.dir/build
gmake[2]: Entering directory '/home/mpv/units/hpc_2022_final_assignment/exercise1/cmake-build-gol'
gmake[2]: Entering directory '/home/mpv/units/hpc_2022_final_assignment/exercise1/cmake-build-gol'
gmake[2]: Entering directory '/home/mpv/units/hpc_2022_final_assignment/exercise1/cmake-build-gol'
gmake[2]: Entering directory '/home/mpv/units/hpc_2022_final_assignment/exercise1/cmake-build-gol'
[  8%] Building C object CMakeFiles/test_evolution_common.dir/src/evolution_common.c.o
[  8%] Building C object CMakeFiles/gol_serial.dir/src/evolution_common.c.o
[ 12%] Building C object CMakeFiles/test_pgm.dir/src/pgm.c.o
[ 20%] Building C object CMakeFiles/test_grid.dir/tests/test_grid.c.o
[ 20%] Building C object CMakeFiles/test_grid.dir/src/grid.c.o
/usr/bin/cc -D_POSIX_C_SOURCE=200809L -I/home/mpv/units/hpc_2022_final_assignment/exercise1/include -isystem /usr/lib/x86_64-linux-gnu/openmpi/include -isystem /usr/lib/x86_64-linux-gnu/openmpi/include/openmpi -O3 -DNDEBUG -std=c11 -Wall -Wextra -Wpedantic -O3 -march=native -fopenmp -MD -MT CMakeFiles/gol_serial.dir/src/evolution_common.c.o -MF CMakeFiles/gol_serial.dir/src/evolution_common.c.o.d -o CMakeFiles/gol_serial.dir/src/evolution_common.c.o -c /home/mpv/units/hpc_2022_final_assignment/exercise1/src/evolution_common.c
/usr/bin/cc  -I/home/mpv/units/hpc_2022_final_assignment/exercise1/include -O3 -DNDEBUG -std=c11 -Wall -Wextra -Wpedantic -MD -MT CMakeFiles/test_evolution_common.dir/src/evolution_common.c.o -MF CMakeFiles/test_evolution_common.dir/src/evolution_common.c.o.d -o CMakeFiles/test_evolution_common.dir/src/evolution_common.c.o -c /home/mpv/units/hpc_2022_final_assignment/exercise1/src/evolution_common.c
[ 24%] Building C object CMakeFiles/gol_serial.dir/src/pgm.c.o
/usr/bin/cc -D_POSIX_C_SOURCE=200809L -I/home/mpv/units/hpc_2022_final_assignment/exercise1/include -isystem /usr/lib/x86_64-linux-gnu/openmpi/include -isystem /usr/lib/x86_64-linux-gnu/openmpi/include/openmpi -O3 -DNDEBUG -std=c11 -Wall -Wextra -Wpedantic -MD -MT CMakeFiles/test_pgm.dir/src/pgm.c.o -MF CMakeFiles/test_pgm.dir/src/pgm.c.o.d -o CMakeFiles/test_pgm.dir/src/pgm.c.o -c /home/mpv/units/hpc_2022_final_assignment/exercise1/src/pgm.c
[ 28%] Building C object CMakeFiles/gol_parallel.dir/src/evolution_ordered.c.o
[ 32%] Building C object CMakeFiles/gol_parallel.dir/src/evolution_static.c.o
[ 36%] Building C object CMakeFiles/gol_serial.dir/src/evolution_ordered.c.o
/usr/bin/cc -D_POSIX_C_SOURCE=200809L -I/home/mpv/units/hpc_2022_final_assignment/exercise1/include -isystem /usr/lib/x86_64-linux-gnu/openmpi/include -isystem /usr/lib/x86_64-linux-gnu/openmpi/include/openmpi -O3 -DNDEBUG -std=c11 -Wall -Wextra -Wpedantic -O3 -march=native -fopenmp -MD -MT CMakeFiles/gol_parallel.dir/src/evolution_ordered.c.o -MF CMakeFiles/gol_parallel.dir/src/evolution_ordered.c.o.d -o CMakeFiles/gol_parallel.dir/src/evolution_ordered.c.o -c /home/mpv/units/hpc_2022_final_assignment/exercise1/src/evolution_ordered.c
[ 40%] Building C object CMakeFiles/gol_serial.dir/src/main_serial.c.o
/usr/bin/cc  -I/home/mpv/units/hpc_2022_final_assignment/exercise1/include -isystem /usr/lib/x86_64-linux-gnu/openmpi/include -isystem /usr/lib/x86_64-linux-gnu/openmpi/include/openmpi -O3 -DNDEBUG -std=c11 -Wall -Wextra -Wpedantic -fopenmp -MD -MT CMakeFiles/test_grid.dir/src/grid.c.o -MF CMakeFiles/test_grid.dir/src/grid.c.o.d -o CMakeFiles/test_grid.dir/src/grid.c.o -c /home/mpv/units/hpc_2022_final_assignment/exercise1/src/grid.c
/usr/bin/cc -D_POSIX_C_SOURCE=200809L -I/home/mpv/units/hpc_2022_final_assignment/exercise1/include -isystem /usr/lib/x86_64-linux-gnu/openmpi/include -isystem /usr/lib/x86_64-linux-gnu/openmpi/include/openmpi -O3 -DNDEBUG -std=c11 -Wall -Wextra -Wpedantic -O3 -march=native -fopenmp -MD -MT CMakeFiles/gol_serial.dir/src/pgm.c.o -MF CMakeFiles/gol_serial.dir/src/pgm.c.o.d -o CMakeFiles/gol_serial.dir/src/pgm.c.o -c /home/mpv/units/hpc_2022_final_assignment/exercise1/src/pgm.c
[ 44%] Building C object CMakeFiles/gol_serial.dir/src/evolution_static.c.o
[ 48%] Building C object CMakeFiles/gol_serial.dir/src/args.c.o
/usr/bin/cc -D_POSIX_C_SOURCE=200809L -I/home/mpv/units/hpc_2022_final_assignment/exercise1/include -isystem /usr/lib/x86_64-linux-gnu/openmpi/include -isystem /usr/lib/x86_64-linux-gnu/openmpi/include/openmpi -O3 -DNDEBUG -std=c11 -Wall -Wextra -Wpedantic -O3 -march=native -fopenmp -MD -MT CMakeFiles/gol_parallel.dir/src/evolution_static.c.o -MF CMakeFiles/gol_parallel.dir/src/evolution_static.c.o.d -o CMakeFiles/gol_parallel.dir/src/evolution_static.c.o -c /home/mpv/units/hpc_2022_final_assignment/exercise1/src/evolution_static.c
/usr/bin/cc -D_POSIX_C_SOURCE=200809L -I/home/mpv/units/hpc_2022_final_assignment/exercise1/include -isystem /usr/lib/x86_64-linux-gnu/openmpi/include -isystem /usr/lib/x86_64-linux-gnu/openmpi/include/openmpi -O3 -DNDEBUG -std=c11 -Wall -Wextra -Wpedantic -O3 -march=native -fopenmp -MD -MT CMakeFiles/gol_serial.dir/src/evolution_ordered.c.o -MF CMakeFiles/gol_serial.dir/src/evolution_ordered.c.o.d -o CMakeFiles/gol_serial.dir/src/evolution_ordered.c.o -c /home/mpv/units/hpc_2022_final_assignment/exercise1/src/evolution_ordered.c
/usr/bin/cc -D_POSIX_C_SOURCE=200809L -I/home/mpv/units/hpc_2022_final_assignment/exercise1/include -isystem /usr/lib/x86_64-linux-gnu/openmpi/include -isystem /usr/lib/x86_64-linux-gnu/openmpi/include/openmpi -O3 -DNDEBUG -std=c11 -Wall -Wextra -Wpedantic -O3 -march=native -fopenmp -MD -MT CMakeFiles/gol_serial.dir/src/evolution_static.c.o -MF CMakeFiles/gol_serial.dir/src/evolution_static.c.o.d -o CMakeFiles/gol_serial.dir/src/evolution_static.c.o -c /home/mpv/units/hpc_2022_final_assignment/exercise1/src/evolution_static.c
[ 56%] Building C object CMakeFiles/test_pgm.dir/tests/test_pgm.c.o
[ 56%] Building C object CMakeFiles/gol_serial.dir/src/grid.c.o
[ 68%] Building C object CMakeFiles/test_evolution_common.dir/tests/test_evolution_common.c.o
[ 68%] Building C object CMakeFiles/gol_parallel.dir/src/args.c.o
[ 68%] Building C object CMakeFiles/gol_parallel.dir/src/pgm.c.o
/usr/bin/cc -D_POSIX_C_SOURCE=200809L -I/home/mpv/units/hpc_2022_final_assignment/exercise1/include -isystem /usr/lib/x86_64-linux-gnu/openmpi/include -isystem /usr/lib/x86_64-linux-gnu/openmpi/include/openmpi -O3 -DNDEBUG -std=c11 -Wall -Wextra -Wpedantic -O3 -march=native -fopenmp -MD -MT CMakeFiles/gol_serial.dir/src/main_serial.c.o -MF CMakeFiles/gol_serial.dir/src/main_serial.c.o.d -o CMakeFiles/gol_serial.dir/src/main_serial.c.o -c /home/mpv/units/hpc_2022_final_assignment/exercise1/src/main_serial.c
/usr/bin/cc -D_POSIX_C_SOURCE=200809L -I/home/mpv/units/hpc_2022_final_assignment/exercise1/include -isystem /usr/lib/x86_64-linux-gnu/openmpi/include -isystem /usr/lib/x86_64-linux-gnu/openmpi/include/openmpi -O3 -DNDEBUG -std=c11 -Wall -Wextra -Wpedantic -O3 -march=native -fopenmp -MD -MT CMakeFiles/gol_serial.dir/src/args.c.o -MF CMakeFiles/gol_serial.dir/src/args.c.o.d -o CMakeFiles/gol_serial.dir/src/args.c.o -c /home/mpv/units/hpc_2022_final_assignment/exercise1/src/args.c
/usr/bin/cc -D_POSIX_C_SOURCE=200809L -I/home/mpv/units/hpc_2022_final_assignment/exercise1/include -isystem /usr/lib/x86_64-linux-gnu/openmpi/include -isystem /usr/lib/x86_64-linux-gnu/openmpi/include/openmpi -O3 -DNDEBUG -std=c11 -Wall -Wextra -Wpedantic -O3 -march=native -fopenmp -MD -MT CMakeFiles/gol_serial.dir/src/grid.c.o -MF CMakeFiles/gol_serial.dir/src/grid.c.o.d -o CMakeFiles/gol_serial.dir/src/grid.c.o -c /home/mpv/units/hpc_2022_final_assignment/exercise1/src/grid.c
[ 76%] Building C object CMakeFiles/gol_parallel.dir/src/grid.c.o
[ 76%] Building C object CMakeFiles/gol_parallel.dir/src/evolution_common.c.o
/usr/bin/cc -D_POSIX_C_SOURCE=200809L -I/home/mpv/units/hpc_2022_final_assignment/exercise1/include -isystem /usr/lib/x86_64-linux-gnu/openmpi/include -isystem /usr/lib/x86_64-linux-gnu/openmpi/include/openmpi -O3 -DNDEBUG -std=c11 -Wall -Wextra -Wpedantic -MD -MT CMakeFiles/test_pgm.dir/tests/test_pgm.c.o -MF CMakeFiles/test_pgm.dir/tests/test_pgm.c.o.d -o CMakeFiles/test_pgm.dir/tests/test_pgm.c.o -c /home/mpv/units/hpc_2022_final_assignment/exercise1/tests/test_pgm.c
/usr/bin/cc -D_POSIX_C_SOURCE=200809L -I/home/mpv/units/hpc_2022_final_assignment/exercise1/include -isystem /usr/lib/x86_64-linux-gnu/openmpi/include -isystem /usr/lib/x86_64-linux-gnu/openmpi/include/openmpi -O3 -DNDEBUG -std=c11 -Wall -Wextra -Wpedantic -O3 -march=native -fopenmp -MD -MT CMakeFiles/gol_parallel.dir/src/args.c.o -MF CMakeFiles/gol_parallel.dir/src/args.c.o.d -o CMakeFiles/gol_parallel.dir/src/args.c.o -c /home/mpv/units/hpc_2022_final_assignment/exercise1/src/args.c
/usr/bin/cc  -I/home/mpv/units/hpc_2022_final_assignment/exercise1/include -O3 -DNDEBUG -std=c11 -Wall -Wextra -Wpedantic -MD -MT CMakeFiles/test_evolution_common.dir/tests/test_evolution_common.c.o -MF CMakeFiles/test_evolution_common.dir/tests/test_evolution_common.c.o.d -o CMakeFiles/test_evolution_common.dir/tests/test_evolution_common.c.o -c /home/mpv/units/hpc_2022_final_assignment/exercise1/tests/test_evolution_common.c
/usr/bin/cc -D_POSIX_C_SOURCE=200809L -I/home/mpv/units/hpc_2022_final_assignment/exercise1/include -isystem /usr/lib/x86_64-linux-gnu/openmpi/include -isystem /usr/lib/x86_64-linux-gnu/openmpi/include/openmpi -O3 -DNDEBUG -std=c11 -Wall -Wextra -Wpedantic -O3 -march=native -fopenmp -MD -MT CMakeFiles/gol_parallel.dir/src/pgm.c.o -MF CMakeFiles/gol_parallel.dir/src/pgm.c.o.d -o CMakeFiles/gol_parallel.dir/src/pgm.c.o -c /home/mpv/units/hpc_2022_final_assignment/exercise1/src/pgm.c
/usr/bin/cc -D_POSIX_C_SOURCE=200809L -I/home/mpv/units/hpc_2022_final_assignment/exercise1/include -isystem /usr/lib/x86_64-linux-gnu/openmpi/include -isystem /usr/lib/x86_64-linux-gnu/openmpi/include/openmpi -O3 -DNDEBUG -std=c11 -Wall -Wextra -Wpedantic -O3 -march=native -fopenmp -MD -MT CMakeFiles/gol_parallel.dir/src/grid.c.o -MF CMakeFiles/gol_parallel.dir/src/grid.c.o.d -o CMakeFiles/gol_parallel.dir/src/grid.c.o -c /home/mpv/units/hpc_2022_final_assignment/exercise1/src/grid.c
[ 80%] Building C object CMakeFiles/gol_parallel.dir/src/main_parallel.c.o
/usr/bin/cc  -I/home/mpv/units/hpc_2022_final_assignment/exercise1/include -isystem /usr/lib/x86_64-linux-gnu/openmpi/include -isystem /usr/lib/x86_64-linux-gnu/openmpi/include/openmpi -O3 -DNDEBUG -std=c11 -Wall -Wextra -Wpedantic -fopenmp -MD -MT CMakeFiles/test_grid.dir/tests/test_grid.c.o -MF CMakeFiles/test_grid.dir/tests/test_grid.c.o.d -o CMakeFiles/test_grid.dir/tests/test_grid.c.o -c /home/mpv/units/hpc_2022_final_assignment/exercise1/tests/test_grid.c
/usr/bin/cc -D_POSIX_C_SOURCE=200809L -I/home/mpv/units/hpc_2022_final_assignment/exercise1/include -isystem /usr/lib/x86_64-linux-gnu/openmpi/include -isystem /usr/lib/x86_64-linux-gnu/openmpi/include/openmpi -O3 -DNDEBUG -std=c11 -Wall -Wextra -Wpedantic -O3 -march=native -fopenmp -MD -MT CMakeFiles/gol_parallel.dir/src/main_parallel.c.o -MF CMakeFiles/gol_parallel.dir/src/main_parallel.c.o.d -o CMakeFiles/gol_parallel.dir/src/main_parallel.c.o -c /home/mpv/units/hpc_2022_final_assignment/exercise1/src/main_parallel.c
/usr/bin/cc -D_POSIX_C_SOURCE=200809L -I/home/mpv/units/hpc_2022_final_assignment/exercise1/include -isystem /usr/lib/x86_64-linux-gnu/openmpi/include -isystem /usr/lib/x86_64-linux-gnu/openmpi/include/openmpi -O3 -DNDEBUG -std=c11 -Wall -Wextra -Wpedantic -O3 -march=native -fopenmp -MD -MT CMakeFiles/gol_parallel.dir/src/evolution_common.c.o -MF CMakeFiles/gol_parallel.dir/src/evolution_common.c.o.d -o CMakeFiles/gol_parallel.dir/src/evolution_common.c.o -c /home/mpv/units/hpc_2022_final_assignment/exercise1/src/evolution_common.c
/home/mpv/units/hpc_2022_final_assignment/exercise1/tests/test_evolution_common.c: In function ‘test_parallel_neighbor_count’:
/home/mpv/units/hpc_2022_final_assignment/exercise1/tests/test_evolution_common.c:29:15: warning: unused variable ‘local_rows’ [-Wunused-variable]
   29 |     const int local_rows = 3;
      |               ^~~~~~~~~~
/home/mpv/units/hpc_2022_final_assignment/exercise1/src/pgm.c: In function ‘pgm_read’:
/home/mpv/units/hpc_2022_final_assignment/exercise1/src/pgm.c:55:5: warning: ignoring return value of ‘fgets’ declared with attribute ‘warn_unused_result’ [-Wunused-result]
   55 |     fgets(line, sizeof(line), file);
      |     ^~~~~~~~~~~~~~~~~~~~~~~~~~~~~~~
/home/mpv/units/hpc_2022_final_assignment/exercise1/src/pgm.c: In function ‘pgm_read_mpi’:
/home/mpv/units/hpc_2022_final_assignment/exercise1/src/pgm.c:119:17: warning: ignoring return value of ‘fgets’ declared with attribute ‘warn_unused_result’ [-Wunused-result]
  119 |                 fgets(line, sizeof(line), header_file);
      |                 ^~~~~~~~~~~~~~~~~~~~~~~~~~~~~~~~~~~~~~
/home/mpv/units/hpc_2022_final_assignment/exercise1/src/pgm.c: In function ‘pgm_read’:
/home/mpv/units/hpc_2022_final_assignment/exercise1/src/pgm.c:55:5: warning: ignoring return value of ‘fgets’ declared with attribute ‘warn_unused_result’ [-Wunused-result]
   55 |     fgets(line, sizeof(line), file);
      |     ^~~~~~~~~~~~~~~~~~~~~~~~~~~~~~~
/home/mpv/units/hpc_2022_final_assignment/exercise1/src/pgm.c: In function ‘pgm_read_mpi’:
/home/mpv/units/hpc_2022_final_assignment/exercise1/src/pgm.c:119:17: warning: ignoring return value of ‘fgets’ declared with attribute ‘warn_unused_result’ [-Wunused-result]
  119 |                 fgets(line, sizeof(line), header_file);
      |                 ^~~~~~~~~~~~~~~~~~~~~~~~~~~~~~~~~~~~~~
/home/mpv/units/hpc_2022_final_assignment/exercise1/src/pgm.c: In function ‘pgm_read’:
/home/mpv/units/hpc_2022_final_assignment/exercise1/src/pgm.c:55:5: warning: ignoring return value of ‘fgets’ declared with attribute ‘warn_unused_result’ [-Wunused-result]
   55 |     fgets(line, sizeof(line), file);
      |     ^~~~~~~~~~~~~~~~~~~~~~~~~~~~~~~
/home/mpv/units/hpc_2022_final_assignment/exercise1/src/pgm.c: In function ‘pgm_read_mpi’:
/home/mpv/units/hpc_2022_final_assignment/exercise1/src/pgm.c:119:17: warning: ignoring return value of ‘fgets’ declared with attribute ‘warn_unused_result’ [-Wunused-result]
  119 |                 fgets(line, sizeof(line), header_file);
      |                 ^~~~~~~~~~~~~~~~~~~~~~~~~~~~~~~~~~~~~~
/home/mpv/units/hpc_2022_final_assignment/exercise1/tests/test_pgm.c: In function ‘main’:
/home/mpv/units/hpc_2022_final_assignment/exercise1/tests/test_pgm.c:25:9: warning: ignoring return value of ‘getcwd’ declared with attribute ‘warn_unused_result’ [-Wunused-result]
   25 |         getcwd(cwd, sizeof(cwd));
      |         ^~~~~~~~~~~~~~~~~~~~~~~~
[ 84%] Linking C executable build/test_grid
/usr/bin/cmake -E cmake_link_script CMakeFiles/test_grid.dir/link.txt --verbose=1
[ 88%] Linking C executable build/test_pgm
/usr/bin/cmake -E cmake_link_script CMakeFiles/test_pgm.dir/link.txt --verbose=1
[ 92%] Linking C executable build/test_evolution_common
/usr/bin/cmake -E cmake_link_script CMakeFiles/test_evolution_common.dir/link.txt --verbose=1
/usr/bin/cc -O3 -DNDEBUG -Wl,--dependency-file=CMakeFiles/test_evolution_common.dir/link.d CMakeFiles/test_evolution_common.dir/tests/test_evolution_common.c.o CMakeFiles/test_evolution_common.dir/src/evolution_common.c.o -o build/test_evolution_common
gmake[2]: Leaving directory '/home/mpv/units/hpc_2022_final_assignment/exercise1/cmake-build-gol'
/usr/bin/cc -O3 -DNDEBUG -Wl,--dependency-file=CMakeFiles/test_pgm.dir/link.d CMakeFiles/test_pgm.dir/tests/test_pgm.c.o CMakeFiles/test_pgm.dir/src/pgm.c.o -o build/test_pgm  -Wl,-rpath,/usr/lib/x86_64-linux-gnu/openmpi/lib /usr/lib/x86_64-linux-gnu/openmpi/lib/libmpi.so
gmake[2]: Leaving directory '/home/mpv/units/hpc_2022_final_assignment/exercise1/cmake-build-gol'
[ 96%] Linking C executable build/gol_serial
/usr/bin/cc -O3 -DNDEBUG -Wl,--dependency-file=CMakeFiles/test_grid.dir/link.d CMakeFiles/test_grid.dir/tests/test_grid.c.o CMakeFiles/test_grid.dir/src/grid.c.o -o build/test_grid  -Wl,-rpath,/usr/lib/x86_64-linux-gnu/openmpi/lib /usr/lib/gcc/x86_64-linux-gnu/15/libgomp.so /usr/lib/x86_64-linux-gnu/libpthread.a /usr/lib/x86_64-linux-gnu/openmpi/lib/libmpi.so
/usr/bin/cmake -E cmake_link_script CMakeFiles/gol_serial.dir/link.txt --verbose=1
gmake[2]: Leaving directory '/home/mpv/units/hpc_2022_final_assignment/exercise1/cmake-build-gol'
[ 96%] Built target test_evolution_common
[ 96%] Built target test_pgm
[ 96%] Built target test_grid
[100%] Linking C executable build/gol_parallel
/usr/bin/cmake -E cmake_link_script CMakeFiles/gol_parallel.dir/link.txt --verbose=1
/usr/bin/cc -O3 -DNDEBUG -Wl,--dependency-file=CMakeFiles/gol_serial.dir/link.d CMakeFiles/gol_serial.dir/src/main_serial.c.o CMakeFiles/gol_serial.dir/src/args.c.o CMakeFiles/gol_serial.dir/src/pgm.c.o CMakeFiles/gol_serial.dir/src/grid.c.o CMakeFiles/gol_serial.dir/src/evolution_common.c.o CMakeFiles/gol_serial.dir/src/evolution_ordered.c.o CMakeFiles/gol_serial.dir/src/evolution_static.c.o -o build/gol_serial  -Wl,-rpath,/usr/lib/x86_64-linux-gnu/openmpi/lib /usr/lib/gcc/x86_64-linux-gnu/15/libgomp.so /usr/lib/x86_64-linux-gnu/libpthread.a /usr/lib/x86_64-linux-gnu/openmpi/lib/libmpi.so
gmake[2]: Leaving directory '/home/mpv/units/hpc_2022_final_assignment/exercise1/cmake-build-gol'
[100%] Built target gol_serial
/usr/bin/cc -O3 -DNDEBUG -Wl,--dependency-file=CMakeFiles/gol_parallel.dir/link.d CMakeFiles/gol_parallel.dir/src/main_parallel.c.o CMakeFiles/gol_parallel.dir/src/args.c.o CMakeFiles/gol_parallel.dir/src/pgm.c.o CMakeFiles/gol_parallel.dir/src/grid.c.o CMakeFiles/gol_parallel.dir/src/evolution_common.c.o CMakeFiles/gol_parallel.dir/src/evolution_ordered.c.o CMakeFiles/gol_parallel.dir/src/evolution_static.c.o -o build/gol_parallel  -Wl,-rpath,/usr/lib/x86_64-linux-gnu/openmpi/lib /usr/lib/gcc/x86_64-linux-gnu/15/libgomp.so /usr/lib/x86_64-linux-gnu/libpthread.a /usr/lib/x86_64-linux-gnu/openmpi/lib/libmpi.so
gmake[2]: Leaving directory '/home/mpv/units/hpc_2022_final_assignment/exercise1/cmake-build-gol'
[100%] Built target gol_parallel
gmake[1]: Leaving directory '/home/mpv/units/hpc_2022_final_assignment/exercise1/cmake-build-gol'
/usr/bin/cmake -E cmake_progress_start /home/mpv/units/hpc_2022_final_assignment/exercise1/cmake-build-gol/CMakeFiles 0

